# serializer version: 1
# name: test_entire_pipeline
  list([
    '# ☀️ Summer Crusher! Margarita Negra',
    '',
    '## Margarita Negra',
    '',
    '* 1oz (30ml) Tequila Blanco',
    '* 1oz (30ml) Mr Black Coffee Liqueur',
    '* 1oz (30ml) Lime Juice',
    '* .5oz (15ml) Agave',
    '* 2 Lime Wheel Garnish',
    '',
  ])
# ---
